../Core/Src/main.c:79:6:UWriteData	16	static
../Core/Src/main.c:87:5:__io_putchar	16	static
../Core/Src/main.c:94:6:PHYStatusCheck	16	static
../Core/Src/main.c:114:6:PrintPHYConf	16	static
../Core/Src/main.c:157:6:set_time	32	static
../Core/Src/main.c:181:6:get_time	48	static
../Core/Src/main.c:206:5:main	2192	static
../Core/Src/main.c:315:6:SystemClock_Config	88	static
../Core/Src/main.c:362:13:MX_RTC_Init	16	static
../Core/Src/main.c:420:13:MX_SPI1_Init	8	static
../Core/Src/main.c:458:13:MX_USART2_UART_Init	8	static
../Core/Src/main.c:491:13:MX_GPIO_Init	32	static
../Core/Src/main.c:523:6:Error_Handler	4	static,ignoring_inline_asm
